==========================================================================================
Layer (type:depth-idx)                   Output Shape              Param #
==========================================================================================
ReuseLinearExtended                      --                        --
├─Sequential: 1-1                        [2, 10]                   --
├─Linear: 1-2                            [2, 10]                   110
├─Sequential: 1                          --                        --
│    └─ReLU: 2-1                         [2, 10]                   --
├─Linear: 1-3                            [2, 10]                   (recursive)
├─Sequential: 1                          --                        --
│    └─ReLU: 2-2                         [2, 10]                   --
├─Linear: 1-4                            [2, 10]                   (recursive)
├─Sequential: 1                          --                        --
│    └─ReLU: 2-3                         [2, 10]                   --
├─Linear: 1-5                            [2, 10]                   (recursive)
├─Sequential: 1                          --                        --
│    └─ReLU: 2-4                         [2, 10]                   --
==========================================================================================
Total params: 110
Trainable params: 110
Non-trainable params: 0
Total mult-adds (M): 0.00
==========================================================================================
Input size (MB): 0.00
Forward/backward pass size (MB): 0.00
Params size (MB): 0.00
Estimated Total Size (MB): 0.00
==========================================================================================
==========================================================================================
Layer (type:depth-idx)                   Output Shape              Param #
==========================================================================================
ReuseLinearExtended                      --                        --
├─Sequential: 1-1                        [2, 10]                   --
├─Linear: 1-2                            [2, 10]                   110
├─Sequential: 1                          --                        --
│    └─ReLU: 2-1                         [2, 10]                   --
├─Linear: 1-3                            [2, 10]                   (recursive)
├─Sequential: 1                          --                        --
│    └─ReLU: 2-2                         [2, 10]                   --
├─Linear: 1-4                            [2, 10]                   (recursive)
├─Sequential: 1                          --                        --
│    └─ReLU: 2-3                         [2, 10]                   --
├─Linear: 1-5                            [2, 10]                   (recursive)
├─Sequential: 1                          --                        --
│    └─ReLU: 2-4                         [2, 10]                   --
==========================================================================================
Total params: 110
Trainable params: 110
Non-trainable params: 0
Total mult-adds (M): 0.00
==========================================================================================
Input size (MB): 0.00
Forward/backward pass size (MB): 0.00
Params size (MB): 0.00
Estimated Total Size (MB): 0.00
==========================================================================================
